Timing is on.
Time: 0.266 ms
SET
Time: 0.016 ms
SET
Time: 0.007 ms
FIXTURE_SUPPORT_GROUPS
INSERT 0 10
Time: 1.055 ms
FIXTURE_STAFF
INSERT 0 100
Time: 0.652 ms
INSERT 0 100
Time: 2.342 ms
FIXTURE_CUSTOMERS
INSERT 0 1000
Time: 3.090 ms
FIXTURE_TICKETS
INSERT 0 10000
Time: 243.861 ms
 setval
--------
  11000
(1 row)

Time: 0.225 ms
INSERT 0 100
Time: 2.537 ms
FIXTURE_COMMENTS
INSERT 0 20000
Time: 188.969 ms
ALTER TABLE
Time: 0.416 ms
ALTER TABLE
Time: 0.119 ms
ALTER TABLE
Time: 0.095 ms
ALTER TABLE
Time: 0.130 ms
ALTER TABLE
Time: 0.327 ms
FIXTURE_TICKET_AUDITS
INSERT 0 10000
Time: 188.242 ms
INSERT 0 10000
Time: 74.787 ms
FIXTURE_ACCESS_AUDITS
INSERT 0 5000
Time: 70.567 ms
INSERT 0 500
Time: 5.762 ms
FIXTURE_ADMIN_AUDITS
INSERT 0 1000
Time: 8.229 ms
ALTER TABLE
Time: 0.099 ms
ALTER TABLE
Time: 0.089 ms
ALTER TABLE
Time: 0.092 ms
ALTER TABLE
Time: 0.173 ms
ALTER TABLE
Time: 0.121 ms
REBUILD_AUDIT_ACTIVITY_PROJECTION
 ticket_change_count | access_search_count | admin_security_count | total_count
---------------------+---------------------+----------------------+-------------
               10000 |                5000 |                 1000 |       16000
(1 row)

Time: 229.512 ms
VACUUM_ANALYZE_RELEASE_FIXTURE
VACUUM
Time: 4.012 ms
VACUUM
Time: 32.284 ms
VACUUM
Time: 37.525 ms
VACUUM
Time: 29.440 ms
VACUUM
Time: 10.040 ms
VACUUM
Time: 20.236 ms
VACUUM
Time: 1.111 ms
VACUUM
Time: 3.551 ms
VACUUM
Time: 90.793 ms
