Timing is on.
Time: 0.390 ms
SET
Time: 0.017 ms
SET
Time: 0.007 ms
FIXTURE_SUPPORT_GROUPS
INSERT 0 100
Time: 2.261 ms
FIXTURE_STAFF
INSERT 0 1000
Time: 7.004 ms
INSERT 0 1000
Time: 21.081 ms
FIXTURE_CUSTOMERS
INSERT 0 100000
Time: 1646.980 ms (00:01.647)
FIXTURE_TICKETS
ALTER TABLE
Time: 0.513 ms
ALTER TABLE
Time: 0.158 ms
ALTER TABLE
Time: 0.214 ms
ALTER TABLE
Time: 0.277 ms
INSERT 0 1000000
Time: 35609.497 ms (00:35.609)
 setval
---------
 1001000
(1 row)

Time: 0.691 ms
INSERT 0 10000
Time: 272.536 ms
FIXTURE_COMMENTS
INSERT 0 2000000
Time: 28261.104 ms (00:28.261)
 rebuild_ticket_search_documents
---------------------------------
                         1000000
(1 row)

Time: 43624.866 ms (00:43.625)
ALTER TABLE
Time: 0.407 ms
ALTER TABLE
Time: 0.307 ms
ALTER TABLE
Time: 0.197 ms
ALTER TABLE
Time: 0.189 ms
ALTER TABLE
Time: 0.343 ms
ALTER TABLE
Time: 0.244 ms
ALTER TABLE
Time: 0.166 ms
ALTER TABLE
Time: 0.130 ms
ALTER TABLE
Time: 0.248 ms
FIXTURE_TICKET_AUDITS
INSERT 0 1000000
Time: 28041.453 ms (00:28.041)
INSERT 0 1000000
Time: 12636.257 ms (00:12.636)
FIXTURE_ACCESS_AUDITS
INSERT 0 500000
Time: 10049.978 ms (00:10.050)
INSERT 0 50000
Time: 529.277 ms
FIXTURE_ADMIN_AUDITS
INSERT 0 100000
Time: 1335.945 ms (00:01.336)
ALTER TABLE
Time: 2.467 ms
ALTER TABLE
Time: 0.196 ms
ALTER TABLE
Time: 0.170 ms
ALTER TABLE
Time: 0.119 ms
ALTER TABLE
Time: 0.125 ms
REBUILD_AUDIT_ACTIVITY_PROJECTION
 ticket_change_count | access_search_count | admin_security_count | total_count
---------------------+---------------------+----------------------+-------------
             1000000 |              500000 |               100000 |     1600000
(1 row)

Time: 57959.363 ms (00:57.959)
VACUUM_ANALYZE_RELEASE_FIXTURE
VACUUM
Time: 129.514 ms
VACUUM
Time: 345.930 ms
VACUUM
Time: 265.519 ms
VACUUM
Time: 184.074 ms
VACUUM
Time: 87.668 ms
VACUUM
Time: 1267.964 ms (00:01.268)
VACUUM
Time: 46.221 ms
VACUUM
Time: 169.263 ms
VACUUM
Time: 441.949 ms
